------------------------------------------------------------
Timing Analyzer Summary
------------------------------------------------------------

Type  : Slow 1200mV 85C Model Setup 'clk'
Slack : 10.409
TNS   : 0.000

Type  : Slow 1200mV 85C Model Hold 'clk'
Slack : 0.962
TNS   : 0.000

Type  : Slow 1200mV 85C Model Recovery 'clk'
Slack : 15.284
TNS   : 0.000

Type  : Slow 1200mV 85C Model Removal 'clk'
Slack : 2.648
TNS   : 0.000

Type  : Slow 1200mV 85C Model Minimum Pulse Width 'clk'
Slack : 9.732
TNS   : 0.000

Type  : Slow 1200mV 0C Model Setup 'clk'
Slack : 11.552
TNS   : 0.000

Type  : Slow 1200mV 0C Model Hold 'clk'
Slack : 0.807
TNS   : 0.000

Type  : Slow 1200mV 0C Model Recovery 'clk'
Slack : 15.888
TNS   : 0.000

Type  : Slow 1200mV 0C Model Removal 'clk'
Slack : 2.380
TNS   : 0.000

Type  : Slow 1200mV 0C Model Minimum Pulse Width 'clk'
Slack : 9.751
TNS   : 0.000

Type  : Fast 1200mV 0C Model Setup 'clk'
Slack : 14.433
TNS   : 0.000

Type  : Fast 1200mV 0C Model Hold 'clk'
Slack : 0.409
TNS   : 0.000

Type  : Fast 1200mV 0C Model Recovery 'clk'
Slack : 17.167
TNS   : 0.000

Type  : Fast 1200mV 0C Model Removal 'clk'
Slack : 1.258
TNS   : 0.000

Type  : Fast 1200mV 0C Model Minimum Pulse Width 'clk'
Slack : 9.438
TNS   : 0.000

------------------------------------------------------------
