------------------------------------------------------------
Timing Analyzer Summary
------------------------------------------------------------

Type  : Slow 1200mV 85C Model Setup 'Pll_exemple_inst|altpll_component|auto_generated|pll1|clk[0]'
Slack : 4.324
TNS   : 0.000

Type  : Slow 1200mV 85C Model Setup 'Pll_exemple_inst|altpll_component|auto_generated|pll1|clk[1]'
Slack : 6.351
TNS   : 0.000

Type  : Slow 1200mV 85C Model Setup 'Pll_exemple_inst|altpll_component|auto_generated|pll1|clk[2]'
Slack : 36.286
TNS   : 0.000

Type  : Slow 1200mV 85C Model Setup 'Pll_exemple_inst|altpll_component|auto_generated|pll1|clk[3]'
Slack : 96.350
TNS   : 0.000

Type  : Slow 1200mV 85C Model Hold 'Pll_exemple_inst|altpll_component|auto_generated|pll1|clk[0]'
Slack : 0.472
TNS   : 0.000

Type  : Slow 1200mV 85C Model Hold 'Pll_exemple_inst|altpll_component|auto_generated|pll1|clk[2]'
Slack : 0.472
TNS   : 0.000

Type  : Slow 1200mV 85C Model Hold 'Pll_exemple_inst|altpll_component|auto_generated|pll1|clk[1]'
Slack : 0.473
TNS   : 0.000

Type  : Slow 1200mV 85C Model Hold 'Pll_exemple_inst|altpll_component|auto_generated|pll1|clk[3]'
Slack : 0.473
TNS   : 0.000

Type  : Slow 1200mV 85C Model Minimum Pulse Width 'Pll_exemple_inst|altpll_component|auto_generated|pll1|clk[0]'
Slack : 3.732
TNS   : 0.000

Type  : Slow 1200mV 85C Model Minimum Pulse Width 'Pll_exemple_inst|altpll_component|auto_generated|pll1|clk[1]'
Slack : 4.731
TNS   : 0.000

Type  : Slow 1200mV 85C Model Minimum Pulse Width 'clk_50M'
Slack : 9.915
TNS   : 0.000

Type  : Slow 1200mV 85C Model Minimum Pulse Width 'Pll_exemple_inst|altpll_component|auto_generated|pll1|clk[2]'
Slack : 19.734
TNS   : 0.000

Type  : Slow 1200mV 85C Model Minimum Pulse Width 'Pll_exemple_inst|altpll_component|auto_generated|pll1|clk[3]'
Slack : 49.732
TNS   : 0.000

Type  : Slow 1200mV 0C Model Setup 'Pll_exemple_inst|altpll_component|auto_generated|pll1|clk[0]'
Slack : 4.710
TNS   : 0.000

Type  : Slow 1200mV 0C Model Setup 'Pll_exemple_inst|altpll_component|auto_generated|pll1|clk[1]'
Slack : 6.726
TNS   : 0.000

Type  : Slow 1200mV 0C Model Setup 'Pll_exemple_inst|altpll_component|auto_generated|pll1|clk[2]'
Slack : 36.633
TNS   : 0.000

Type  : Slow 1200mV 0C Model Setup 'Pll_exemple_inst|altpll_component|auto_generated|pll1|clk[3]'
Slack : 96.725
TNS   : 0.000

Type  : Slow 1200mV 0C Model Hold 'Pll_exemple_inst|altpll_component|auto_generated|pll1|clk[1]'
Slack : 0.447
TNS   : 0.000

Type  : Slow 1200mV 0C Model Hold 'Pll_exemple_inst|altpll_component|auto_generated|pll1|clk[3]'
Slack : 0.447
TNS   : 0.000

Type  : Slow 1200mV 0C Model Hold 'Pll_exemple_inst|altpll_component|auto_generated|pll1|clk[0]'
Slack : 0.448
TNS   : 0.000

Type  : Slow 1200mV 0C Model Hold 'Pll_exemple_inst|altpll_component|auto_generated|pll1|clk[2]'
Slack : 0.448
TNS   : 0.000

Type  : Slow 1200mV 0C Model Minimum Pulse Width 'Pll_exemple_inst|altpll_component|auto_generated|pll1|clk[0]'
Slack : 3.741
TNS   : 0.000

Type  : Slow 1200mV 0C Model Minimum Pulse Width 'Pll_exemple_inst|altpll_component|auto_generated|pll1|clk[1]'
Slack : 4.740
TNS   : 0.000

Type  : Slow 1200mV 0C Model Minimum Pulse Width 'clk_50M'
Slack : 9.929
TNS   : 0.000

Type  : Slow 1200mV 0C Model Minimum Pulse Width 'Pll_exemple_inst|altpll_component|auto_generated|pll1|clk[2]'
Slack : 19.741
TNS   : 0.000

Type  : Slow 1200mV 0C Model Minimum Pulse Width 'Pll_exemple_inst|altpll_component|auto_generated|pll1|clk[3]'
Slack : 49.741
TNS   : 0.000

Type  : Fast 1200mV 0C Model Setup 'Pll_exemple_inst|altpll_component|auto_generated|pll1|clk[0]'
Slack : 6.619
TNS   : 0.000

Type  : Fast 1200mV 0C Model Setup 'Pll_exemple_inst|altpll_component|auto_generated|pll1|clk[1]'
Slack : 8.646
TNS   : 0.000

Type  : Fast 1200mV 0C Model Setup 'Pll_exemple_inst|altpll_component|auto_generated|pll1|clk[2]'
Slack : 38.633
TNS   : 0.000

Type  : Fast 1200mV 0C Model Setup 'Pll_exemple_inst|altpll_component|auto_generated|pll1|clk[3]'
Slack : 98.645
TNS   : 0.000

Type  : Fast 1200mV 0C Model Hold 'Pll_exemple_inst|altpll_component|auto_generated|pll1|clk[0]'
Slack : 0.170
TNS   : 0.000

Type  : Fast 1200mV 0C Model Hold 'Pll_exemple_inst|altpll_component|auto_generated|pll1|clk[1]'
Slack : 0.170
TNS   : 0.000

Type  : Fast 1200mV 0C Model Hold 'Pll_exemple_inst|altpll_component|auto_generated|pll1|clk[2]'
Slack : 0.170
TNS   : 0.000

Type  : Fast 1200mV 0C Model Hold 'Pll_exemple_inst|altpll_component|auto_generated|pll1|clk[3]'
Slack : 0.170
TNS   : 0.000

Type  : Fast 1200mV 0C Model Minimum Pulse Width 'Pll_exemple_inst|altpll_component|auto_generated|pll1|clk[0]'
Slack : 3.782
TNS   : 0.000

Type  : Fast 1200mV 0C Model Minimum Pulse Width 'Pll_exemple_inst|altpll_component|auto_generated|pll1|clk[1]'
Slack : 4.781
TNS   : 0.000

Type  : Fast 1200mV 0C Model Minimum Pulse Width 'clk_50M'
Slack : 9.642
TNS   : 0.000

Type  : Fast 1200mV 0C Model Minimum Pulse Width 'Pll_exemple_inst|altpll_component|auto_generated|pll1|clk[2]'
Slack : 19.782
TNS   : 0.000

Type  : Fast 1200mV 0C Model Minimum Pulse Width 'Pll_exemple_inst|altpll_component|auto_generated|pll1|clk[3]'
Slack : 49.782
TNS   : 0.000

------------------------------------------------------------
